// Jest Snapshot v1, https://goo.gl/fbAQLP

exports[`BrandEdit shows new brand without supplier correctly 1`] = `
<div
  className="rounded"
  draggable={false}
  key="brandnew"
  onDragStart={[Function]}
>
  <Icon
    as="i"
    name="add"
    onClick={[Function]}
  />
  <FormTextInput
    fieldName="brand_name_new"
    onChange={[Function]}
    onClick={[Function]}
    placeholder="add new"
    value="e brand 8"
  />
  <div
    className="ui toggle checkbox"
  >
    <input
      checked={false}
      name="bike_brand_new"
      onChange={[Function]}
      type="checkbox"
    />
    <label>
      Bike Brand
    </label>
  </div>
  Supplier(s): 
  Unknown
</div>
`;
