// Jest Snapshot v1, https://goo.gl/fbAQLP

exports[`Pagination tests renders the pagination correctly 1`] = `
<span
  id="paging"
>
  Page:Â 
  <Icon
    as="i"
    disabled={true}
    id="firstPage"
    name="angle double left"
    onClick={[Function]}
    title="Go to page 1"
  />
  <Icon
    as="i"
    disabled={true}
    id="prevPage"
    name="angle left"
    onClick={[Function]}
    title="Go to next page"
  />
  <span>
     
    1
     
  </span>
  <Icon
    as="i"
    disabled={true}
    id="nextPage"
    name="angle right"
    onClick={[Function]}
    title="Go to previous page"
  />
  <Icon
    as="i"
    disabled={true}
    id="lastPage"
    name="angle double right"
    onClick={[Function]}
    title="Go to last page"
  />
  <span>
     of 
    1
     
  </span>
</span>
`;
