// Jest Snapshot v1, https://goo.gl/fbAQLP

exports[`it displays correctly 1`] = `
<li
  className="dropdown"
>
  <React.Fragment
    key="navSectionundefined"
  >
    <p
      className="dropbtn"
    >
      Customer
    </p>
    <div
      className="dropdown-content"
    >
      <div
        className="dropdown-section"
      >
        Customer
      </div>
      <Link
        className="dropbtn"
        key="link1"
        replace={false}
        to="/customer-search"
      >
        Find Customer
      </Link>
      <Link
        className="dropbtn"
        key="link2"
        replace={false}
        to="/customer"
      >
        New Customer
      </Link>
    </div>
  </React.Fragment>
  <React.Fragment
    key="navSectionundefined"
  >
    <p
      className="dropbtn"
    >
      Core Data
    </p>
    <div
      className="dropdown-content"
    >
      <div
        className="dropdown-section"
      >
        Core Data
      </div>
      <Link
        className="dropbtn"
        key="link3"
        replace={false}
        to="/framework"
      >
        Quote Sections
      </Link>
      <Link
        className="dropbtn"
        key="link4"
        replace={false}
        to="/brands"
      >
        Brands
      </Link>
    </div>
  </React.Fragment>
</li>
`;
