// Jest Snapshot v1, https://goo.gl/fbAQLP

exports[`PartTypeAttributes tests renders the form correctly when all attributes deleted 1`] = `
<ul>
  <PartTypeAttributeEdit
    partType={Object {}}
    componentKey="new"
    key="attributeEditNew"
    updatePartTypeAttribute={[Function]}
  />
</ul>
`;

exports[`PartTypeAttributes tests renders the form correctly with attributes 1`] = `
<ul>
  <PartTypeAttributeEdit
    partType={
      Object {
        "attribute_name": "Colour",
        "attribute_type": "1",
        "id": 12,
        "in_use": true,
        "mandatory": true,
        "options": Array [],
        "partType": 18,
        "placing": 1,
      }
    }
    componentKey={12}
    key="attributeEdit12"
    updatePartTypeAttribute={[Function]}
  />
  <PartTypeAttributeEdit
    partType={
      Object {
        "attribute_name": "Size",
        "attribute_type": "1",
        "id": 17,
        "in_use": true,
        "mandatory": true,
        "options": Array [],
        "partType": 18,
        "placing": 2,
      }
    }
    componentKey={17}
    key="attributeEdit17"
    updatePartTypeAttribute={[Function]}
  />
  <PartTypeAttributeEdit
    partType={
      Object {
        "attribute_name": "Valve Length",
        "attribute_type": "4",
        "id": 11,
        "in_use": true,
        "mandatory": false,
        "options": Array [
          Object {
            "attribute_option": "Long",
            "id": 5,
            "part_type_attribute": 11,
          },
          Object {
            "attribute_option": "Medium",
            "id": 4,
            "part_type_attribute": 11,
          },
          Object {
            "attribute_option": "Short",
            "id": 3,
            "part_type_attribute": 11,
          },
        ],
        "partType": 19,
        "placing": 1,
      }
    }
    componentKey={11}
    key="attributeEdit11"
    updatePartTypeAttribute={[Function]}
  />
  <PartTypeAttributeEdit
    partType={Object {}}
    componentKey="new"
    key="attributeEditNew"
    updatePartTypeAttribute={[Function]}
  />
</ul>
`;

exports[`PartTypeAttributes tests renders the form correctly with no attributes 1`] = `
<ul>
  <PartTypeAttributeEdit
    partType={Object {}}
    componentKey="new"
    key="attributeEditNew"
    updatePartTypeAttribute={[Function]}
  />
</ul>
`;
