// Jest Snapshot v1, https://goo.gl/fbAQLP

exports[`HeaderSection.index tests renders the HeaderSection correctly 1`] = `
Array [
  <li
    className="dropdown"
    key="navSectionundefined"
  />,
  <li
    className="dropdown"
    key="navSectionundefined"
  />,
]
`;
